// Jest Snapshot v1, https://goo.gl/fbAQLP

exports[`Pruebas en <GifItem.jsx> debe hacer match con snapshot 1`] = `
<div>
  <div
    class="card"
  >
    <img
      alt="Hola titulo"
      src="https://holamundo.com/holatitulo"
    />
    <p>
      Hola titulo
    </p>
  </div>
</div>
`;
